apps/web/src/components/TaskEditShelf.tsx(159,5): error TS1117: An object literal cannot have multiple properties with the same name.
apps/web/src/components/TaskEditShelf.tsx(160,5): error TS1117: An object literal cannot have multiple properties with the same name.
apps/web/src/components/TaskEditShelf.tsx(161,5): error TS1117: An object literal cannot have multiple properties with the same name.
apps/web/src/components/TaskEditShelf.tsx(162,5): error TS1117: An object literal cannot have multiple properties with the same name.
apps/web/src/components/TaskEditShelf.tsx(163,5): error TS1117: An object literal cannot have multiple properties with the same name.
apps/web/src/components/TaskEditShelf.tsx(164,5): error TS1117: An object literal cannot have multiple properties with the same name.
apps/web/src/components/TaskEditShelf.tsx(165,5): error TS1117: An object literal cannot have multiple properties with the same name.
apps/web/src/components/TaskEditShelf.tsx(166,5): error TS1117: An object literal cannot have multiple properties with the same name.
apps/web/src/components/TaskEditShelf.tsx(167,5): error TS1117: An object literal cannot have multiple properties with the same name.
apps/web/src/components/TaskEditShelf.tsx(168,5): error TS1117: An object literal cannot have multiple properties with the same name.
apps/web/src/components/TaskEditShelf.tsx(169,5): error TS1117: An object literal cannot have multiple properties with the same name.
apps/web/src/components/TaskEditShelf.tsx(170,5): error TS1117: An object literal cannot have multiple properties with the same name.
apps/web/src/components/TaskEditShelf.tsx(173,5): error TS1117: An object literal cannot have multiple properties with the same name.
apps/web/src/components/TaskEditShelf.tsx(174,5): error TS1117: An object literal cannot have multiple properties with the same name.
apps/web/src/components/TaskEditShelf.tsx(175,5): error TS1117: An object literal cannot have multiple properties with the same name.
apps/web/src/components/TaskEditShelf.tsx(176,5): error TS1117: An object literal cannot have multiple properties with the same name.
apps/web/src/components/TaskEditShelf.tsx(177,5): error TS1117: An object literal cannot have multiple properties with the same name.
apps/web/src/components/TaskEditShelf.tsx(178,5): error TS1117: An object literal cannot have multiple properties with the same name.
apps/web/src/components/TaskEditShelf.tsx(179,5): error TS1117: An object literal cannot have multiple properties with the same name.
apps/web/src/components/TaskEditShelf.tsx(180,5): error TS1117: An object literal cannot have multiple properties with the same name.
apps/web/src/components/TaskEditShelf.tsx(181,5): error TS1117: An object literal cannot have multiple properties with the same name.
apps/web/src/components/TaskEditShelf.tsx(184,5): error TS1117: An object literal cannot have multiple properties with the same name.
apps/web/src/components/TaskEditShelf.tsx(185,5): error TS1117: An object literal cannot have multiple properties with the same name.
apps/web/src/components/TaskEditShelf.tsx(186,5): error TS1117: An object literal cannot have multiple properties with the same name.
apps/web/src/components/TaskEditShelf.tsx(187,5): error TS1117: An object literal cannot have multiple properties with the same name.
apps/web/src/components/TaskEditShelf.tsx(188,5): error TS1117: An object literal cannot have multiple properties with the same name.
apps/web/src/components/TaskEditShelf.tsx(189,5): error TS1117: An object literal cannot have multiple properties with the same name.
apps/web/src/components/TaskEditShelf.tsx(190,5): error TS1117: An object literal cannot have multiple properties with the same name.
apps/web/src/components/TaskEditShelf.tsx(191,5): error TS1117: An object literal cannot have multiple properties with the same name.
apps/web/src/components/TaskEditShelf.tsx(194,5): error TS1117: An object literal cannot have multiple properties with the same name.
apps/web/src/components/TaskEditShelf.tsx(195,5): error TS1117: An object literal cannot have multiple properties with the same name.
apps/web/src/components/TaskEditShelf.tsx(196,5): error TS1117: An object literal cannot have multiple properties with the same name.
apps/web/src/components/TaskEditShelf.tsx(197,5): error TS1117: An object literal cannot have multiple properties with the same name.
apps/web/src/components/TaskEditShelf.tsx(198,5): error TS1117: An object literal cannot have multiple properties with the same name.
apps/web/src/components/TaskEditShelf.tsx(199,5): error TS1117: An object literal cannot have multiple properties with the same name.
apps/web/src/components/TaskEditShelf.tsx(202,5): error TS1117: An object literal cannot have multiple properties with the same name.
apps/web/src/components/TaskEditShelf.tsx(203,5): error TS1117: An object literal cannot have multiple properties with the same name.
apps/web/src/components/TaskEditShelf.tsx(204,5): error TS1117: An object literal cannot have multiple properties with the same name.
apps/web/src/components/TaskEditShelf.tsx(205,5): error TS1117: An object literal cannot have multiple properties with the same name.
apps/web/src/components/TaskEditShelf.tsx(206,5): error TS1117: An object literal cannot have multiple properties with the same name.
apps/web/src/components/TaskEditShelf.tsx(207,5): error TS1117: An object literal cannot have multiple properties with the same name.
apps/web/src/components/TaskEditShelf.tsx(208,5): error TS1117: An object literal cannot have multiple properties with the same name.
apps/web/src/components/TaskEditShelf.tsx(211,5): error TS1117: An object literal cannot have multiple properties with the same name.
apps/web/src/components/TaskEditShelf.tsx(212,5): error TS1117: An object literal cannot have multiple properties with the same name.
