apps/web/src/components/TaskEditShelf.tsx(559,35): error TS2741: Property 'label' is missing in type '{ value: string; onChange: Dispatch<SetStateAction<string>>; height: string; mono: true; enableVariables: true; onRequestVariable: (cb: (v: string) => void) => void; disabled: boolean; }' but required in type 'MaterialTextAreaProps'.
